<html>
<body>
<pre>
<h1>µVision Build Log</h1>
<h2>Project:</h2>
C:\Users\surya\Downloads\project_mini\project_mini.uvproj
Project File Date:  05/05/2026

<h2>Output:</h2>
Build target 'Target 1'
compiling Event_Board_Main.c...
Event_Board_Main.c(239): warning:  #1-D: last line of file ends without a newline
  }
Event_Board_Main.c: 1 warning, 0 errors
linking...
Program Size: Code=8888 RO-data=32 RW-data=980 ZI-data=1260  
FromELF: creating hex file...
".\project_mini.axf" - 0 Error(s), 1 Warning(s).
