<html>
<body>
<pre>
<h1>µVision Build Log</h1>
<h2>Project:</h2>
E:\v25he6t4\mini_project_final\project_mini.uvproj
Project File Date:  06/15/2026

<h2>Output:</h2>
Build target 'Target 1'
assembling Startup.s...
compiling adc.c...
compiling delay.c...
compiling Event_Board_Main.c...
compiling kpm.c...
compiling lcd.c...
compiling pin_connect_block.c...
compiling rtc.c...
compiling settings.c...
linking...
Program Size: Code=8952 RO-data=32 RW-data=980 ZI-data=1260  
FromELF: creating hex file...
"project_mini.axf" - 0 Error(s), 0 Warning(s).
Build target 'Target 1'
assembling Startup.s...
compiling adc.c...
compiling delay.c...
compiling Event_Board_Main.c...
compiling kpm.c...
compiling lcd.c...
compiling pin_connect_block.c...
compiling rtc.c...
compiling settings.c...
linking...
Program Size: Code=8952 RO-data=32 RW-data=980 ZI-data=1260  
FromELF: creating hex file...
"project_mini.axf" - 0 Error(s), 0 Warning(s).
